[freetemplatesdownload.in/themes/mannat/index.html]
[backblue.gif]
[fade.gif]
[index.html]
[freetemplatesdownload.in/themes/mannat/index-2.html]
[freetemplatesdownload.in/themes/mannat/images/about-me.jpg]
[freetemplatesdownload.in/themes/mannat/images/port/1.jpg]
[freetemplatesdownload.in/themes/mannat/images/port/2.jpg]
[freetemplatesdownload.in/themes/mannat/images/port/3.jpg]
[freetemplatesdownload.in/themes/mannat/images/port/4.jpg]
[freetemplatesdownload.in/themes/mannat/images/port/5.jpg]
[freetemplatesdownload.in/themes/mannat/images/port/6.jpg]
[freetemplatesdownload.in/themes/mannat/images/port/7.jpg]
[freetemplatesdownload.in/themes/mannat/images/port/8.jpg]
[freetemplatesdownload.in/themes/mannat/images/rev/face-1.png]
[freetemplatesdownload.in/themes/mannat/images/logos/3.png]
[freetemplatesdownload.in/themes/mannat/images/rev/face-2.png]
[freetemplatesdownload.in/themes/mannat/images/logos/1.png]
[freetemplatesdownload.in/themes/mannat/images/rev/face-3.png]
[freetemplatesdownload.in/themes/mannat/images/logos/2.png]
[freetemplatesdownload.in/themes/mannat/images/blog/img-1.jpg]
[freetemplatesdownload.in/themes/mannat/images/blog/img-2.jpg]
[freetemplatesdownload.in/themes/mannat/images/blog/img-3.jpg]
[freetemplatesdownload.in/themes/mannat/index.html]
[freetemplatesdownload.in/themes/mannat/fonts/glyphicons-halflings-regular.eot]
[freetemplatesdownload.in/themes/mannat/fonts/glyphicons-halflings-regulard41d.eot]
[freetemplatesdownload.in/themes/mannat/fonts/glyphicons-halflings-regular.woff2]
[freetemplatesdownload.in/themes/mannat/fonts/glyphicons-halflings-regular.woff]
[freetemplatesdownload.in/themes/mannat/fonts/glyphicons-halflings-regular.ttf]
[freetemplatesdownload.in/themes/mannat/css/bootstrap.min.css]
[freetemplatesdownload.in/themes/mannat/fonts/fontawesome-webfont3e6e.eot]
[freetemplatesdownload.in/themes/mannat/fonts/fontawesome-webfontd41d.eot]
[freetemplatesdownload.in/themes/mannat/fonts/fontawesome-webfont3e6e.woff2]
[freetemplatesdownload.in/themes/mannat/fonts/fontawesome-webfont3e6e.woff]
[freetemplatesdownload.in/themes/mannat/fonts/fontawesome-webfont3e6e.ttf]
[freetemplatesdownload.in/themes/mannat/css/font-awesome.min.css]
[freetemplatesdownload.in/themes/mannat/fonts/Pe-icon-7-strokebb1d.eot]
[freetemplatesdownload.in/themes/mannat/fonts/Pe-icon-7-stroked41d.eot]
[freetemplatesdownload.in/themes/mannat/fonts/Pe-icon-7-strokebb1d.woff]
[freetemplatesdownload.in/themes/mannat/fonts/Pe-icon-7-strokebb1d.ttf]
[freetemplatesdownload.in/themes/mannat/fonts/Pe-icon-7-strokebb1d.svg]
[freetemplatesdownload.in/themes/mannat/css/pe-icon-7-stroke.css]
[freetemplatesdownload.in/themes/mannat/css/grabbing.png]
[freetemplatesdownload.in/themes/mannat/css/owl.carousel.css]
[freetemplatesdownload.in/themes/mannat/css/AjaxLoader.gif]
[freetemplatesdownload.in/themes/mannat/css/owl.theme.css]
[freetemplatesdownload.in/themes/mannat/css/magnific-popup.css]
[freetemplatesdownload.in/themes/mannat/css/jquery.circliful.css]
[freetemplatesdownload.in/themes/mannat/css/animate.min.css]
[freetemplatesdownload.in/themes/mannat/css/effects.css]
[freetemplatesdownload.in/themes/mannat/css/ytp-regular.eot]
[freetemplatesdownload.in/themes/mannat/css/ytp-regular.ttf]
[freetemplatesdownload.in/themes/mannat/images/raster.png]
[freetemplatesdownload.in/themes/mannat/images/raster_dot.png]
[freetemplatesdownload.in/themes/mannat/css/YTPlayer.css]
[freetemplatesdownload.in/themes/mannat/images/bg-1.jpg]
[freetemplatesdownload.in/themes/mannat/css/style.css]
[freetemplatesdownload.in/themes/mannat/index-2.html]
[freetemplatesdownload.in/themes/mannat/js/jquery.min.js]
[freetemplatesdownload.in/themes/mannat/Popover requires tooltip.js]
[freetemplatesdownload.in/themes/mannat/js/bootstrap.min.js]
[freetemplatesdownload.in/themes/mannat/js/gallery.js]
[freetemplatesdownload.in/themes/mannat/js/mansory.js]
[freetemplatesdownload.in/themes/mannat/js/owl.carousel.min.js]
[freetemplatesdownload.in/themes/mannat/js/jquery.mixitup.js]
[freetemplatesdownload.in/themes/mannat/js/jquery.stellar.min.js]
[freetemplatesdownload.in/themes/mannat/js/jquery.magnific-popup.min.js]
[freetemplatesdownload.in/themes/mannat/js/jquery.mb.YTPlayer.min.js]
[freetemplatesdownload.in/themes/mannat/js/wow.min.js]
[freetemplatesdownload.in/themes/mannat/js/jquery.circliful.min.js]
[freetemplatesdownload.in/themes/mannat/js/form-contact.js]
[freetemplatesdownload.in/themes/mannat/js/scripts.js]
[freetemplatesdownload.in/themes/mannat/fonts/glyphicons-halflings-regular.svg]
[freetemplatesdownload.in/themes/mannat/fonts/fontawesome-webfont3e6e.svg]
[freetemplatesdownload.in/themes/mannat/fonts/Pe-icon-7-strokebb1d.html]
[freetemplatesdownload.in/themes/mannat/css/grabbing.html]
[freetemplatesdownload.in/themes/mannat/css/AjaxLoader.html]
[freetemplatesdownload.in/themes/mannat/css/ytp-regular.html]
[freetemplatesdownload.in/themes/mannat/css/ytp-regular-2.html]
[freetemplatesdownload.in/themes/mannat/images/raster.html]
[freetemplatesdownload.in/themes/mannat/images/raster@2x.html]
[freetemplatesdownload.in/themes/mannat/images/raster_dot.html]
[freetemplatesdownload.in/themes/mannat/images/raster_dot@2x.html]
[freetemplatesdownload.in/themes/mannat/Popover requires tooltip.html]
